>>> BaseGeometry = __import__('7-base_geometry').BaseGeometry
>>> bg = BaseGeometry()
>>> try:
...     bg.integer_validator("name", "John")
... except Exception as e:
...     print("[{}] {}".format(e.__class__.__name__, e))
[TypeError] name must be an integer
>>> try:
...     bg.integer_validator("age", 0)
... except Exception as e:
...     print("[{}] {}".format(e.__class__.__name__, e))
[ValueError] age must be greater than 0
>>> try:
...     bg.integer_validator("distance", -4)
... except Exception as e:
...     print("[{}] {}".format(e.__class__.__name__, e))
[ValueError] distance must be greater than 0
>>> try:
...     bg.integer_validator("my_name", 4.0)
... except Exception as e:
...     print("[{}] {}".format(e.__class__.__name__, e))
[TypeError] my_name must be an integer

